*** Using Compiler 'V5.06 update 1 (build 61)', folder: 'D:\Keil_v5\ARM\ARMCC\Bin'
Rebuild target 'zqwl_bot_ws'
assembling startup_stm32f407xx.s...
compiling uart_protocol.c...
compiling imu_protocol.c...
compiling move_path_test.c...
compiling goto_pos.c...
compiling light.c...
compiling pmw3901.c...
compiling servo.c...
compiling Emm_V5.c...
compiling imu_uart.c...
compiling lcd_ili9488.c...
..\Core\Src\lcd_ili9488.c(50): warning:  #177-D: function "LCD_WriteCmdData" was declared but never referenced
  static void LCD_WriteCmdData(uint8_t cmd, uint8_t dat)
..\Core\Src\lcd_ili9488.c(56): warning:  #177-D: function "LCD_WriteColor" was declared but never referenced
  static void LCD_WriteColor(uint16_t c)
..\Core\Src\lcd_ili9488.c: 2 warnings, 0 errors
compiling xpt2046.c...
compiling main.c...
../Core/Src/main.c(136): warning:  #223-D: function "Light_Init" declared implicitly
    Light_Init();
../Core/Src/main.c: 1 warning, 0 errors
compiling oflow.c...
compiling oflow_calib.c...
..\Core\Src\oflow_calib.c(252): warning:  #546-D: transfer of control bypasses initialization of:
            variable "actual_rad" (declared at line 373)
          if (now - t0 >= OFLOW_CAL_TIMEOUT_MS) goto fail;
                                                ^
..\Core\Src\oflow_calib.c: 1 warning, 0 errors
compiling move.c...
..\Core\Src\move.c(94): warning:  #550-D: variable "cmd_wheel_rpm" was set but never used
  static float cmd_wheel_rpm[4] = {0, 0, 0, 0};
..\Core\Src\move.c: 1 warning, 0 errors
compiling stm32f4xx_hal_timebase_tim.c...
compiling stm32f4xx_hal_msp.c...
compiling tim.c...
compiling dma.c...
compiling gpio.c...
compiling usart.c...
compiling spi.c...
compiling stm32f4xx_hal_can.c...
compiling can.c...
compiling stm32f4xx_it.c...
compiling freertos.c...
../Core/Src/freertos.c(813): warning:  #550-D: variable "ed_raw" was set but never used
      int32_t ed_raw[4], ed_delta[4], ed_ok;
../Core/Src/freertos.c: 1 warning, 0 errors
compiling stm32f4xx_hal_pwr_ex.c...
compiling stm32f4xx_hal_rcc_ex.c...
compiling stm32f4xx_hal_flash_ex.c...
compiling stm32f4xx_hal_flash_ramfunc.c...
compiling stm32f4xx_hal_flash.c...
compiling stm32f4xx_hal_cortex.c...
compiling stm32f4xx_hal_pwr.c...
compiling stm32f4xx_hal_gpio.c...
compiling stm32f4xx_hal_dma_ex.c...
compiling stm32f4xx_hal_dma.c...
compiling list.c...
compiling croutine.c...
compiling stm32f4xx_hal_rcc.c...
compiling event_groups.c...
compiling stream_buffer.c...
compiling queue.c...
compiling timers.c...
compiling tasks.c...
compiling heap_4.c...
compiling port.c...
compiling cmsis_os.c...
compiling system_stm32f4xx.c...
compiling stm32f4xx_hal.c...
compiling stm32f4xx_hal_exti.c...
compiling stm32f4xx_hal_uart.c...
compiling stm32f4xx_hal_spi.c...
compiling stm32f4xx_hal_tim_ex.c...
compiling stm32f4xx_hal_tim.c...
linking...
Program Size: Code=50976 RO-data=1968 RW-data=464 ZI-data=73584  
FromELF: creating hex file...
"zqwl_bot_ws\zqwl_bot_ws.axf" - 0 Error(s), 6 Warning(s).
Build Time Elapsed:  00:00:20
